// Jest Snapshot v1, https://goo.gl/fbAQLP

exports[`<BankIcon /> renders BankIcon component correctly 1`] = `
<div>
  Hello!
</div>
`;
